Archive member included to satisfy reference by file (symbol)

c:/program files (x86)/atmel/studio/7.0/toolchain/avr8/avr8-gnu-toolchain/bin/../lib/gcc/avr/5.4.0/../../../../avr/lib/avr5\libm.a(cmpsf2.o)
                              ssd_i2c.o (__ltsf2)
c:/program files (x86)/atmel/studio/7.0/toolchain/avr8/avr8-gnu-toolchain/bin/../lib/gcc/avr/5.4.0/../../../../avr/lib/avr5\libm.a(fp_cmp.o)
                              c:/program files (x86)/atmel/studio/7.0/toolchain/avr8/avr8-gnu-toolchain/bin/../lib/gcc/avr/5.4.0/../../../../avr/lib/avr5\libm.a(cmpsf2.o) (__fp_cmp)
c:/program files (x86)/atmel/studio/7.0/toolchain/avr8/avr8-gnu-toolchain/bin/../lib/gcc/avr/5.4.0/../../../../avr/lib/avr5\libm.a(gesf2.o)
                              ssd_i2c.o (__gtsf2)
c:/program files (x86)/atmel/studio/7.0/toolchain/avr8/avr8-gnu-toolchain/bin/../lib/gcc/avr/5.4.0/avr5\libgcc.a(_divmodhi4.o)
                              lcd_i2c.o (__divmodhi4)
c:/program files (x86)/atmel/studio/7.0/toolchain/avr8/avr8-gnu-toolchain/bin/../lib/gcc/avr/5.4.0/avr5\libgcc.a(_exit.o)
                              C:/Program Files (x86)/Atmel/Studio/7.0/Packs/atmel/ATmega_DFP/1.6.364/gcc/dev/atmega328p/avr5/crtatmega328p.o (exit)
c:/program files (x86)/atmel/studio/7.0/toolchain/avr8/avr8-gnu-toolchain/bin/../lib/gcc/avr/5.4.0/avr5\libgcc.a(_tablejump2.o)
                              ssd_i2c.o (__tablejump2__)
c:/program files (x86)/atmel/studio/7.0/toolchain/avr8/avr8-gnu-toolchain/bin/../lib/gcc/avr/5.4.0/avr5\libgcc.a(_copy_data.o)
                              lcd_i2c.o (__do_copy_data)
c:/program files (x86)/atmel/studio/7.0/toolchain/avr8/avr8-gnu-toolchain/bin/../lib/gcc/avr/5.4.0/avr5\libgcc.a(_clear_bss.o)
                              timers.o (__do_clear_bss)
c:/program files (x86)/atmel/studio/7.0/toolchain/avr8/avr8-gnu-toolchain/bin/../lib/gcc/avr/5.4.0/avr5\libgcc.a(_udivmodhi4.o)
                              c:/program files (x86)/atmel/studio/7.0/toolchain/avr8/avr8-gnu-toolchain/bin/../lib/gcc/avr/5.4.0/avr5\libgcc.a(_divmodhi4.o) (__udivmodhi4)

Allocating common symbols
Common symbol       size              file

ci                  0x2               usart.o
b                   0x1               usart.o
usart_received_char
                    0x1               usart.o
bi                  0x2               usart.o
ai                  0x2               usart.o
tot_overflow        0x1               timers.o
di                  0x2               usart.o
c                   0x1               usart.o
a                   0x1               usart.o

Discarded input sections

 .data          0x00000000        0x0 C:/Program Files (x86)/Atmel/Studio/7.0/Packs/atmel/ATmega_DFP/1.6.364/gcc/dev/atmega328p/avr5/crtatmega328p.o
 .bss           0x00000000        0x0 C:/Program Files (x86)/Atmel/Studio/7.0/Packs/atmel/ATmega_DFP/1.6.364/gcc/dev/atmega328p/avr5/crtatmega328p.o
 .text          0x00000000        0x0 i2c.o
 .data          0x00000000        0x0 i2c.o
 .bss           0x00000000        0x0 i2c.o
 .text.read_i2c
                0x00000000       0x14 i2c.o
 .text          0x00000000        0x0 lcd_i2c.o
 .data          0x00000000        0x0 lcd_i2c.o
 .bss           0x00000000        0x0 lcd_i2c.o
 .text.lcd_i2c_cmd
                0x00000000       0x5c lcd_i2c.o
 .text.lcd_i2c_init
                0x00000000       0x22 lcd_i2c.o
 .text.lcd_i2c_data
                0x00000000       0x5e lcd_i2c.o
 .text.lcd_i2c_col_row
                0x00000000       0x14 lcd_i2c.o
 .text.lcd_i2c_clr
                0x00000000       0x14 lcd_i2c.o
 .text.lcd_i2c_write_string
                0x00000000       0x2c lcd_i2c.o
 .text.lcd_i2c_write_int
                0x00000000       0xc0 lcd_i2c.o
 .data.Columna_1
                0x00000000        0x2 lcd_i2c.o
 .text          0x00000000        0x0 LEDPWM.o
 .data          0x00000000        0x0 LEDPWM.o
 .bss           0x00000000        0x0 LEDPWM.o
 .text          0x00000000        0x0 main.o
 .data          0x00000000        0x0 main.o
 .bss           0x00000000        0x0 main.o
 .text          0x00000000        0x0 ports.o
 .data          0x00000000        0x0 ports.o
 .bss           0x00000000        0x0 ports.o
 .text          0x00000000        0x0 ssd_i2c.o
 .data          0x00000000        0x0 ssd_i2c.o
 .bss           0x00000000        0x0 ssd_i2c.o
 .rodata        0x00000000       0x2b ssd_i2c.o
 .text.write_adc
                0x00000000       0xc2 ssd_i2c.o
 .text.graphic  0x00000000      0x118 ssd_i2c.o
 .text.clear_graph
                0x00000000       0x26 ssd_i2c.o
 .text.graph_volt
                0x00000000      0x1a2 ssd_i2c.o
 .rodata.LF.1808
                0x00000000       0x15 ssd_i2c.o
 .rodata.led    0x00000000       0x4e ssd_i2c.o
 .rodata.volt   0x00000000        0x6 ssd_i2c.o
 .text          0x00000000        0x0 timers.o
 .data          0x00000000        0x0 timers.o
 .bss           0x00000000        0x0 timers.o
 .text.timer0_normalmode_noprescaler
                0x00000000       0x2c timers.o
 .text.timer0_normalmode_prescaler
                0x00000000       0x30 timers.o
 .text.timer0_overflow_interrupt
                0x00000000       0x14 timers.o
 .text.timer1_normalmode_noprescaler
                0x00000000       0x32 timers.o
 .text.timer1_CTCmode_interrupt
                0x00000000       0x38 timers.o
 .text.timer1_CTCmode_nonPWM
                0x00000000       0x38 timers.o
 .text.timer1_fastPWM_inverting
                0x00000000       0x3e timers.o
 .text.timer2_CTCmode
                0x00000000       0x2c timers.o
 .text.Timer2_PhaseCorrectPWMMode_Inverting
                0x00000000       0x1e timers.o
 .text          0x00000000        0x0 usart.o
 .data          0x00000000        0x0 usart.o
 .bss           0x00000000        0x0 usart.o
 .text.usart_receive
                0x00000000        0xe usart.o
 .text.usart_transmit
                0x00000000        0xe usart.o
 .text.usart_transmit_string
                0x00000000       0x32 usart.o
 .text          0x00000000        0x0 c:/program files (x86)/atmel/studio/7.0/toolchain/avr8/avr8-gnu-toolchain/bin/../lib/gcc/avr/5.4.0/../../../../avr/lib/avr5\libm.a(cmpsf2.o)
 .data          0x00000000        0x0 c:/program files (x86)/atmel/studio/7.0/toolchain/avr8/avr8-gnu-toolchain/bin/../lib/gcc/avr/5.4.0/../../../../avr/lib/avr5\libm.a(cmpsf2.o)
 .bss           0x00000000        0x0 c:/program files (x86)/atmel/studio/7.0/toolchain/avr8/avr8-gnu-toolchain/bin/../lib/gcc/avr/5.4.0/../../../../avr/lib/avr5\libm.a(cmpsf2.o)
 .text.avr-libc.fplib
                0x00000000        0xa c:/program files (x86)/atmel/studio/7.0/toolchain/avr8/avr8-gnu-toolchain/bin/../lib/gcc/avr/5.4.0/../../../../avr/lib/avr5\libm.a(cmpsf2.o)
 .text          0x00000000        0x0 c:/program files (x86)/atmel/studio/7.0/toolchain/avr8/avr8-gnu-toolchain/bin/../lib/gcc/avr/5.4.0/../../../../avr/lib/avr5\libm.a(fp_cmp.o)
 .data          0x00000000        0x0 c:/program files (x86)/atmel/studio/7.0/toolchain/avr8/avr8-gnu-toolchain/bin/../lib/gcc/avr/5.4.0/../../../../avr/lib/avr5\libm.a(fp_cmp.o)
 .bss           0x00000000        0x0 c:/program files (x86)/atmel/studio/7.0/toolchain/avr8/avr8-gnu-toolchain/bin/../lib/gcc/avr/5.4.0/../../../../avr/lib/avr5\libm.a(fp_cmp.o)
 .text.avr-libc.fplib
                0x00000000       0x48 c:/program files (x86)/atmel/studio/7.0/toolchain/avr8/avr8-gnu-toolchain/bin/../lib/gcc/avr/5.4.0/../../../../avr/lib/avr5\libm.a(fp_cmp.o)
 .text          0x00000000        0x0 c:/program files (x86)/atmel/studio/7.0/toolchain/avr8/avr8-gnu-toolchain/bin/../lib/gcc/avr/5.4.0/../../../../avr/lib/avr5\libm.a(gesf2.o)
 .data          0x00000000        0x0 c:/program files (x86)/atmel/studio/7.0/toolchain/avr8/avr8-gnu-toolchain/bin/../lib/gcc/avr/5.4.0/../../../../avr/lib/avr5\libm.a(gesf2.o)
 .bss           0x00000000        0x0 c:/program files (x86)/atmel/studio/7.0/toolchain/avr8/avr8-gnu-toolchain/bin/../lib/gcc/avr/5.4.0/../../../../avr/lib/avr5\libm.a(gesf2.o)
 .text.avr-libc.fplib
                0x00000000        0xa c:/program files (x86)/atmel/studio/7.0/toolchain/avr8/avr8-gnu-toolchain/bin/../lib/gcc/avr/5.4.0/../../../../avr/lib/avr5\libm.a(gesf2.o)
 .text          0x00000000        0x0 c:/program files (x86)/atmel/studio/7.0/toolchain/avr8/avr8-gnu-toolchain/bin/../lib/gcc/avr/5.4.0/avr5\libgcc.a(_divmodhi4.o)
 .data          0x00000000        0x0 c:/program files (x86)/atmel/studio/7.0/toolchain/avr8/avr8-gnu-toolchain/bin/../lib/gcc/avr/5.4.0/avr5\libgcc.a(_divmodhi4.o)
 .bss           0x00000000        0x0 c:/program files (x86)/atmel/studio/7.0/toolchain/avr8/avr8-gnu-toolchain/bin/../lib/gcc/avr/5.4.0/avr5\libgcc.a(_divmodhi4.o)
 .text.libgcc.mul
                0x00000000        0x0 c:/program files (x86)/atmel/studio/7.0/toolchain/avr8/avr8-gnu-toolchain/bin/../lib/gcc/avr/5.4.0/avr5\libgcc.a(_divmodhi4.o)
 .text.libgcc.div
                0x00000000       0x28 c:/program files (x86)/atmel/studio/7.0/toolchain/avr8/avr8-gnu-toolchain/bin/../lib/gcc/avr/5.4.0/avr5\libgcc.a(_divmodhi4.o)
 .text.libgcc   0x00000000        0x0 c:/program files (x86)/atmel/studio/7.0/toolchain/avr8/avr8-gnu-toolchain/bin/../lib/gcc/avr/5.4.0/avr5\libgcc.a(_divmodhi4.o)
 .text.libgcc.prologue
                0x00000000        0x0 c:/program files (x86)/atmel/studio/7.0/toolchain/avr8/avr8-gnu-toolchain/bin/../lib/gcc/avr/5.4.0/avr5\libgcc.a(_divmodhi4.o)
 .text.libgcc.builtins
                0x00000000        0x0 c:/program files (x86)/atmel/studio/7.0/toolchain/avr8/avr8-gnu-toolchain/bin/../lib/gcc/avr/5.4.0/avr5\libgcc.a(_divmodhi4.o)
 .text.libgcc.fmul
                0x00000000        0x0 c:/program files (x86)/atmel/studio/7.0/toolchain/avr8/avr8-gnu-toolchain/bin/../lib/gcc/avr/5.4.0/avr5\libgcc.a(_divmodhi4.o)
 .text.libgcc.fixed
                0x00000000        0x0 c:/program files (x86)/atmel/studio/7.0/toolchain/avr8/avr8-gnu-toolchain/bin/../lib/gcc/avr/5.4.0/avr5\libgcc.a(_divmodhi4.o)
 .text          0x00000000        0x0 c:/program files (x86)/atmel/studio/7.0/toolchain/avr8/avr8-gnu-toolchain/bin/../lib/gcc/avr/5.4.0/avr5\libgcc.a(_exit.o)
 .data          0x00000000        0x0 c:/program files (x86)/atmel/studio/7.0/toolchain/avr8/avr8-gnu-toolchain/bin/../lib/gcc/avr/5.4.0/avr5\libgcc.a(_exit.o)
 .bss           0x00000000        0x0 c:/program files (x86)/atmel/studio/7.0/toolchain/avr8/avr8-gnu-toolchain/bin/../lib/gcc/avr/5.4.0/avr5\libgcc.a(_exit.o)
 .text.libgcc.mul
                0x00000000        0x0 c:/program files (x86)/atmel/studio/7.0/toolchain/avr8/avr8-gnu-toolchain/bin/../lib/gcc/avr/5.4.0/avr5\libgcc.a(_exit.o)
 .text.libgcc.div
                0x00000000        0x0 c:/program files (x86)/atmel/studio/7.0/toolchain/avr8/avr8-gnu-toolchain/bin/../lib/gcc/avr/5.4.0/avr5\libgcc.a(_exit.o)
 .text.libgcc   0x00000000        0x0 c:/program files (x86)/atmel/studio/7.0/toolchain/avr8/avr8-gnu-toolchain/bin/../lib/gcc/avr/5.4.0/avr5\libgcc.a(_exit.o)
 .text.libgcc.prologue
                0x00000000        0x0 c:/program files (x86)/atmel/studio/7.0/toolchain/avr8/avr8-gnu-toolchain/bin/../lib/gcc/avr/5.4.0/avr5\libgcc.a(_exit.o)
 .text.libgcc.builtins
                0x00000000        0x0 c:/program files (x86)/atmel/studio/7.0/toolchain/avr8/avr8-gnu-toolchain/bin/../lib/gcc/avr/5.4.0/avr5\libgcc.a(_exit.o)
 .text.libgcc.fmul
                0x00000000        0x0 c:/program files (x86)/atmel/studio/7.0/toolchain/avr8/avr8-gnu-toolchain/bin/../lib/gcc/avr/5.4.0/avr5\libgcc.a(_exit.o)
 .text.libgcc.fixed
                0x00000000        0x0 c:/program files (x86)/atmel/studio/7.0/toolchain/avr8/avr8-gnu-toolchain/bin/../lib/gcc/avr/5.4.0/avr5\libgcc.a(_exit.o)
 .text          0x00000000        0x0 c:/program files (x86)/atmel/studio/7.0/toolchain/avr8/avr8-gnu-toolchain/bin/../lib/gcc/avr/5.4.0/avr5\libgcc.a(_tablejump2.o)
 .data          0x00000000        0x0 c:/program files (x86)/atmel/studio/7.0/toolchain/avr8/avr8-gnu-toolchain/bin/../lib/gcc/avr/5.4.0/avr5\libgcc.a(_tablejump2.o)
 .bss           0x00000000        0x0 c:/program files (x86)/atmel/studio/7.0/toolchain/avr8/avr8-gnu-toolchain/bin/../lib/gcc/avr/5.4.0/avr5\libgcc.a(_tablejump2.o)
 .text.libgcc.mul
                0x00000000        0x0 c:/program files (x86)/atmel/studio/7.0/toolchain/avr8/avr8-gnu-toolchain/bin/../lib/gcc/avr/5.4.0/avr5\libgcc.a(_tablejump2.o)
 .text.libgcc.div
                0x00000000        0x0 c:/program files (x86)/atmel/studio/7.0/toolchain/avr8/avr8-gnu-toolchain/bin/../lib/gcc/avr/5.4.0/avr5\libgcc.a(_tablejump2.o)
 .text.libgcc.prologue
                0x00000000        0x0 c:/program files (x86)/atmel/studio/7.0/toolchain/avr8/avr8-gnu-toolchain/bin/../lib/gcc/avr/5.4.0/avr5\libgcc.a(_tablejump2.o)
 .text.libgcc.builtins
                0x00000000        0x0 c:/program files (x86)/atmel/studio/7.0/toolchain/avr8/avr8-gnu-toolchain/bin/../lib/gcc/avr/5.4.0/avr5\libgcc.a(_tablejump2.o)
 .text.libgcc.fmul
                0x00000000        0x0 c:/program files (x86)/atmel/studio/7.0/toolchain/avr8/avr8-gnu-toolchain/bin/../lib/gcc/avr/5.4.0/avr5\libgcc.a(_tablejump2.o)
 .text.libgcc.fixed
                0x00000000        0x0 c:/program files (x86)/atmel/studio/7.0/toolchain/avr8/avr8-gnu-toolchain/bin/../lib/gcc/avr/5.4.0/avr5\libgcc.a(_tablejump2.o)
 .text          0x00000000        0x0 c:/program files (x86)/atmel/studio/7.0/toolchain/avr8/avr8-gnu-toolchain/bin/../lib/gcc/avr/5.4.0/avr5\libgcc.a(_copy_data.o)
 .data          0x00000000        0x0 c:/program files (x86)/atmel/studio/7.0/toolchain/avr8/avr8-gnu-toolchain/bin/../lib/gcc/avr/5.4.0/avr5\libgcc.a(_copy_data.o)
 .bss           0x00000000        0x0 c:/program files (x86)/atmel/studio/7.0/toolchain/avr8/avr8-gnu-toolchain/bin/../lib/gcc/avr/5.4.0/avr5\libgcc.a(_copy_data.o)
 .text.libgcc.mul
                0x00000000        0x0 c:/program files (x86)/atmel/studio/7.0/toolchain/avr8/avr8-gnu-toolchain/bin/../lib/gcc/avr/5.4.0/avr5\libgcc.a(_copy_data.o)
 .text.libgcc.div
                0x00000000        0x0 c:/program files (x86)/atmel/studio/7.0/toolchain/avr8/avr8-gnu-toolchain/bin/../lib/gcc/avr/5.4.0/avr5\libgcc.a(_copy_data.o)
 .text.libgcc   0x00000000        0x0 c:/program files (x86)/atmel/studio/7.0/toolchain/avr8/avr8-gnu-toolchain/bin/../lib/gcc/avr/5.4.0/avr5\libgcc.a(_copy_data.o)
 .text.libgcc.prologue
                0x00000000        0x0 c:/program files (x86)/atmel/studio/7.0/toolchain/avr8/avr8-gnu-toolchain/bin/../lib/gcc/avr/5.4.0/avr5\libgcc.a(_copy_data.o)
 .text.libgcc.builtins
                0x00000000        0x0 c:/program files (x86)/atmel/studio/7.0/toolchain/avr8/avr8-gnu-toolchain/bin/../lib/gcc/avr/5.4.0/avr5\libgcc.a(_copy_data.o)
 .text.libgcc.fmul
                0x00000000        0x0 c:/program files (x86)/atmel/studio/7.0/toolchain/avr8/avr8-gnu-toolchain/bin/../lib/gcc/avr/5.4.0/avr5\libgcc.a(_copy_data.o)
 .text.libgcc.fixed
                0x00000000        0x0 c:/program files (x86)/atmel/studio/7.0/toolchain/avr8/avr8-gnu-toolchain/bin/../lib/gcc/avr/5.4.0/avr5\libgcc.a(_copy_data.o)
 .text          0x00000000        0x0 c:/program files (x86)/atmel/studio/7.0/toolchain/avr8/avr8-gnu-toolchain/bin/../lib/gcc/avr/5.4.0/avr5\libgcc.a(_clear_bss.o)
 .data          0x00000000        0x0 c:/program files (x86)/atmel/studio/7.0/toolchain/avr8/avr8-gnu-toolchain/bin/../lib/gcc/avr/5.4.0/avr5\libgcc.a(_clear_bss.o)
 .bss           0x00000000        0x0 c:/program files (x86)/atmel/studio/7.0/toolchain/avr8/avr8-gnu-toolchain/bin/../lib/gcc/avr/5.4.0/avr5\libgcc.a(_clear_bss.o)
 .text.libgcc.mul
                0x00000000        0x0 c:/program files (x86)/atmel/studio/7.0/toolchain/avr8/avr8-gnu-toolchain/bin/../lib/gcc/avr/5.4.0/avr5\libgcc.a(_clear_bss.o)
 .text.libgcc.div
                0x00000000        0x0 c:/program files (x86)/atmel/studio/7.0/toolchain/avr8/avr8-gnu-toolchain/bin/../lib/gcc/avr/5.4.0/avr5\libgcc.a(_clear_bss.o)
 .text.libgcc   0x00000000        0x0 c:/program files (x86)/atmel/studio/7.0/toolchain/avr8/avr8-gnu-toolchain/bin/../lib/gcc/avr/5.4.0/avr5\libgcc.a(_clear_bss.o)
 .text.libgcc.prologue
                0x00000000        0x0 c:/program files (x86)/atmel/studio/7.0/toolchain/avr8/avr8-gnu-toolchain/bin/../lib/gcc/avr/5.4.0/avr5\libgcc.a(_clear_bss.o)
 .text.libgcc.builtins
                0x00000000        0x0 c:/program files (x86)/atmel/studio/7.0/toolchain/avr8/avr8-gnu-toolchain/bin/../lib/gcc/avr/5.4.0/avr5\libgcc.a(_clear_bss.o)
 .text.libgcc.fmul
                0x00000000        0x0 c:/program files (x86)/atmel/studio/7.0/toolchain/avr8/avr8-gnu-toolchain/bin/../lib/gcc/avr/5.4.0/avr5\libgcc.a(_clear_bss.o)
 .text.libgcc.fixed
                0x00000000        0x0 c:/program files (x86)/atmel/studio/7.0/toolchain/avr8/avr8-gnu-toolchain/bin/../lib/gcc/avr/5.4.0/avr5\libgcc.a(_clear_bss.o)
 .text          0x00000000        0x0 c:/program files (x86)/atmel/studio/7.0/toolchain/avr8/avr8-gnu-toolchain/bin/../lib/gcc/avr/5.4.0/avr5\libgcc.a(_udivmodhi4.o)
 .data          0x00000000        0x0 c:/program files (x86)/atmel/studio/7.0/toolchain/avr8/avr8-gnu-toolchain/bin/../lib/gcc/avr/5.4.0/avr5\libgcc.a(_udivmodhi4.o)
 .bss           0x00000000        0x0 c:/program files (x86)/atmel/studio/7.0/toolchain/avr8/avr8-gnu-toolchain/bin/../lib/gcc/avr/5.4.0/avr5\libgcc.a(_udivmodhi4.o)
 .text.libgcc.mul
                0x00000000        0x0 c:/program files (x86)/atmel/studio/7.0/toolchain/avr8/avr8-gnu-toolchain/bin/../lib/gcc/avr/5.4.0/avr5\libgcc.a(_udivmodhi4.o)
 .text.libgcc.div
                0x00000000       0x28 c:/program files (x86)/atmel/studio/7.0/toolchain/avr8/avr8-gnu-toolchain/bin/../lib/gcc/avr/5.4.0/avr5\libgcc.a(_udivmodhi4.o)
 .text.libgcc   0x00000000        0x0 c:/program files (x86)/atmel/studio/7.0/toolchain/avr8/avr8-gnu-toolchain/bin/../lib/gcc/avr/5.4.0/avr5\libgcc.a(_udivmodhi4.o)
 .text.libgcc.prologue
                0x00000000        0x0 c:/program files (x86)/atmel/studio/7.0/toolchain/avr8/avr8-gnu-toolchain/bin/../lib/gcc/avr/5.4.0/avr5\libgcc.a(_udivmodhi4.o)
 .text.libgcc.builtins
                0x00000000        0x0 c:/program files (x86)/atmel/studio/7.0/toolchain/avr8/avr8-gnu-toolchain/bin/../lib/gcc/avr/5.4.0/avr5\libgcc.a(_udivmodhi4.o)
 .text.libgcc.fmul
                0x00000000        0x0 c:/program files (x86)/atmel/studio/7.0/toolchain/avr8/avr8-gnu-toolchain/bin/../lib/gcc/avr/5.4.0/avr5\libgcc.a(_udivmodhi4.o)
 .text.libgcc.fixed
                0x00000000        0x0 c:/program files (x86)/atmel/studio/7.0/toolchain/avr8/avr8-gnu-toolchain/bin/../lib/gcc/avr/5.4.0/avr5\libgcc.a(_udivmodhi4.o)

Memory Configuration

Name             Origin             Length             Attributes
text             0x00000000         0x00008000         xr
data             0x00800100         0x00000800         rw !x
eeprom           0x00810000         0x00000400         rw !x
fuse             0x00820000         0x00000003         rw !x
lock             0x00830000         0x00000400         rw !x
signature        0x00840000         0x00000400         rw !x
user_signatures  0x00850000         0x00000400         rw !x
*default*        0x00000000         0xffffffff

Linker script and memory map

Address of section .data set to 0x800100
LOAD C:/Program Files (x86)/Atmel/Studio/7.0/Packs/atmel/ATmega_DFP/1.6.364/gcc/dev/atmega328p/avr5/crtatmega328p.o
LOAD i2c.o
LOAD lcd_i2c.o
LOAD LEDPWM.o
LOAD main.o
LOAD ports.o
LOAD ssd_i2c.o
LOAD timers.o
LOAD usart.o
START GROUP
LOAD c:/program files (x86)/atmel/studio/7.0/toolchain/avr8/avr8-gnu-toolchain/bin/../lib/gcc/avr/5.4.0/../../../../avr/lib/avr5\libm.a
END GROUP
START GROUP
LOAD c:/program files (x86)/atmel/studio/7.0/toolchain/avr8/avr8-gnu-toolchain/bin/../lib/gcc/avr/5.4.0/avr5\libgcc.a
LOAD c:/program files (x86)/atmel/studio/7.0/toolchain/avr8/avr8-gnu-toolchain/bin/../lib/gcc/avr/5.4.0/../../../../avr/lib/avr5\libm.a
LOAD c:/program files (x86)/atmel/studio/7.0/toolchain/avr8/avr8-gnu-toolchain/bin/../lib/gcc/avr/5.4.0/../../../../avr/lib/avr5\libc.a
LOAD C:/Program Files (x86)/Atmel/Studio/7.0/Packs/atmel/ATmega_DFP/1.6.364/gcc/dev/atmega328p/avr5\libatmega328p.a
END GROUP
                0x00000000                __TEXT_REGION_ORIGIN__ = DEFINED (__TEXT_REGION_ORIGIN__)?__TEXT_REGION_ORIGIN__:0x0
                [0x00800100]                __DATA_REGION_ORIGIN__ = DEFINED (__DATA_REGION_ORIGIN__)?__DATA_REGION_ORIGIN__:0x800060
                [0x00008000]                __TEXT_REGION_LENGTH__ = DEFINED (__TEXT_REGION_LENGTH__)?__TEXT_REGION_LENGTH__:0x20000
                [0x00000800]                __DATA_REGION_LENGTH__ = DEFINED (__DATA_REGION_LENGTH__)?__DATA_REGION_LENGTH__:0xffa0
                [0x00000400]                __EEPROM_REGION_LENGTH__ = DEFINED (__EEPROM_REGION_LENGTH__)?__EEPROM_REGION_LENGTH__:0x10000
                [0x00000003]                __FUSE_REGION_LENGTH__ = DEFINED (__FUSE_REGION_LENGTH__)?__FUSE_REGION_LENGTH__:0x400
                0x00000400                __LOCK_REGION_LENGTH__ = DEFINED (__LOCK_REGION_LENGTH__)?__LOCK_REGION_LENGTH__:0x400
                0x00000400                __SIGNATURE_REGION_LENGTH__ = DEFINED (__SIGNATURE_REGION_LENGTH__)?__SIGNATURE_REGION_LENGTH__:0x400
                0x00000400                __USER_SIGNATURE_REGION_LENGTH__ = DEFINED (__USER_SIGNATURE_REGION_LENGTH__)?__USER_SIGNATURE_REGION_LENGTH__:0x400

.hash
 *(.hash)

.dynsym
 *(.dynsym)

.dynstr
 *(.dynstr)

.gnu.version
 *(.gnu.version)

.gnu.version_d
 *(.gnu.version_d)

.gnu.version_r
 *(.gnu.version_r)

.rel.init
 *(.rel.init)

.rela.init
 *(.rela.init)

.rel.text
 *(.rel.text)
 *(.rel.text.*)
 *(.rel.gnu.linkonce.t*)

.rela.text
 *(.rela.text)
 *(.rela.text.*)
 *(.rela.gnu.linkonce.t*)

.rel.fini
 *(.rel.fini)

.rela.fini
 *(.rela.fini)

.rel.rodata
 *(.rel.rodata)
 *(.rel.rodata.*)
 *(.rel.gnu.linkonce.r*)

.rela.rodata
 *(.rela.rodata)
 *(.rela.rodata.*)
 *(.rela.gnu.linkonce.r*)

.rel.data
 *(.rel.data)
 *(.rel.data.*)
 *(.rel.gnu.linkonce.d*)

.rela.data
 *(.rela.data)
 *(.rela.data.*)
 *(.rela.gnu.linkonce.d*)

.rel.ctors
 *(.rel.ctors)

.rela.ctors
 *(.rela.ctors)

.rel.dtors
 *(.rel.dtors)

.rela.dtors
 *(.rela.dtors)

.rel.got
 *(.rel.got)

.rela.got
 *(.rela.got)

.rel.bss
 *(.rel.bss)

.rela.bss
 *(.rela.bss)

.rel.plt
 *(.rel.plt)

.rela.plt
 *(.rela.plt)

.text           0x00000000     0x1158
 *(.vectors)
 .vectors       0x00000000       0x68 C:/Program Files (x86)/Atmel/Studio/7.0/Packs/atmel/ATmega_DFP/1.6.364/gcc/dev/atmega328p/avr5/crtatmega328p.o
                0x00000000                __vector_default
                0x00000000                __vectors
 *(.vectors)
 *(.progmem.gcc*)
 .progmem.gcc_sw_table.ssd_num_write
                0x00000068       0x18 ssd_i2c.o
 .progmem.gcc_sw_table.write_lcd_state
                0x00000080        0xe ssd_i2c.o
 .progmem.gcc_sw_table.ssd_num_write_data
                0x0000008e       0x18 ssd_i2c.o
                0x000000a6                . = ALIGN (0x2)
                0x000000a6                __trampolines_start = .
 *(.trampolines)
 .trampolines   0x000000a6        0x0 linker stubs
 *(.trampolines*)
                0x000000a6                __trampolines_end = .
 *libprintf_flt.a:*(.progmem.data)
 *libc.a:*(.progmem.data)
 *(.progmem*)
                0x000000a6                . = ALIGN (0x2)
 *(.jumptables)
 *(.jumptables*)
 *(.lowtext)
 *(.lowtext*)
                0x000000a6                __ctors_start = .
 *(.ctors)
                0x000000a6                __ctors_end = .
                0x000000a6                __dtors_start = .
 *(.dtors)
                0x000000a6                __dtors_end = .
 SORT(*)(.ctors)
 SORT(*)(.dtors)
 *(.init0)
 .init0         0x000000a6        0x0 C:/Program Files (x86)/Atmel/Studio/7.0/Packs/atmel/ATmega_DFP/1.6.364/gcc/dev/atmega328p/avr5/crtatmega328p.o
                0x000000a6                __init
 *(.init0)
 *(.init1)
 *(.init1)
 *(.init2)
 .init2         0x000000a6        0xc C:/Program Files (x86)/Atmel/Studio/7.0/Packs/atmel/ATmega_DFP/1.6.364/gcc/dev/atmega328p/avr5/crtatmega328p.o
 *(.init2)
 *(.init3)
 *(.init3)
 *(.init4)
 .init4         0x000000b2       0x16 c:/program files (x86)/atmel/studio/7.0/toolchain/avr8/avr8-gnu-toolchain/bin/../lib/gcc/avr/5.4.0/avr5\libgcc.a(_copy_data.o)
                0x000000b2                __do_copy_data
 .init4         0x000000c8       0x10 c:/program files (x86)/atmel/studio/7.0/toolchain/avr8/avr8-gnu-toolchain/bin/../lib/gcc/avr/5.4.0/avr5\libgcc.a(_clear_bss.o)
                0x000000c8                __do_clear_bss
 *(.init4)
 *(.init5)
 *(.init5)
 *(.init6)
 *(.init6)
 *(.init7)
 *(.init7)
 *(.init8)
 *(.init8)
 *(.init9)
 .init9         0x000000d8        0x8 C:/Program Files (x86)/Atmel/Studio/7.0/Packs/atmel/ATmega_DFP/1.6.364/gcc/dev/atmega328p/avr5/crtatmega328p.o
 *(.init9)
 *(.text)
 .text          0x000000e0        0x4 C:/Program Files (x86)/Atmel/Studio/7.0/Packs/atmel/ATmega_DFP/1.6.364/gcc/dev/atmega328p/avr5/crtatmega328p.o
                0x000000e0                __vector_22
                0x000000e0                __vector_1
                0x000000e0                __vector_24
                0x000000e0                __vector_12
                0x000000e0                __bad_interrupt
                0x000000e0                __vector_6
                0x000000e0                __vector_3
                0x000000e0                __vector_23
                0x000000e0                __vector_25
                0x000000e0                __vector_13
                0x000000e0                __vector_17
                0x000000e0                __vector_19
                0x000000e0                __vector_7
                0x000000e0                __vector_5
                0x000000e0                __vector_4
                0x000000e0                __vector_9
                0x000000e0                __vector_2
                0x000000e0                __vector_21
                0x000000e0                __vector_15
                0x000000e0                __vector_8
                0x000000e0                __vector_14
                0x000000e0                __vector_10
                0x000000e0                __vector_20
                0x000000e4                . = ALIGN (0x2)
 *(.text.*)
 .text.init_i2c
                0x000000e4       0x12 i2c.o
                0x000000e4                init_i2c
 .text.start    0x000000f6       0x10 i2c.o
                0x000000f6                start
 .text.stop     0x00000106       0x14 i2c.o
                0x00000106                stop
 .text.write_i2c
                0x0000011a       0x14 i2c.o
                0x0000011a                write_i2c
 .text.lcd_i2c_reset
                0x0000012e       0x88 lcd_i2c.o
                0x0000012e                lcd_i2c_reset
 .text.pwm_led  0x000001b6       0x6c LEDPWM.o
                0x000001b6                pwm_led
 .text.main     0x00000222       0x20 main.o
                0x00000222                main
 .text.init_ports
                0x00000242       0x14 ports.o
                0x00000242                init_ports
 .text.ssd_i2c_cmd
                0x00000256       0x3a ssd_i2c.o
                0x00000256                ssd_i2c_cmd
 .text.ssd_i2c_init
                0x00000290       0x94 ssd_i2c.o
                0x00000290                ssd_i2c_init
 .text.ssd_write
                0x00000324       0x3a ssd_i2c.o
                0x00000324                ssd_write
 .text.set_cursor
                0x0000035e       0x56 ssd_i2c.o
                0x0000035e                set_cursor
 .text.ssd_num_write
                0x000003b4      0x202 ssd_i2c.o
                0x000003b4                ssd_num_write
 .text.clear_screen
                0x000005b6       0x3e ssd_i2c.o
                0x000005b6                clear_screen
 .text.write_lcd_state
                0x000005f4      0x114 ssd_i2c.o
                0x000005f4                write_lcd_state
 .text.write_led
                0x00000708       0xae ssd_i2c.o
                0x00000708                write_led
 .text.ssd_num_write_data
                0x000007b6      0x190 ssd_i2c.o
                0x000007b6                ssd_num_write_data
 .text.__vector_16
                0x00000946       0x3a timers.o
                0x00000946                __vector_16
 .text.__vector_11
                0x00000980       0x24 timers.o
                0x00000980                __vector_11
 .text.__vector_18
                0x000009a4      0x778 usart.o
                0x000009a4                __vector_18
 .text.init_usart
                0x0000111c       0x2c usart.o
                0x0000111c                init_usart
 .text.libgcc   0x00001148        0xc c:/program files (x86)/atmel/studio/7.0/toolchain/avr8/avr8-gnu-toolchain/bin/../lib/gcc/avr/5.4.0/avr5\libgcc.a(_tablejump2.o)
                0x00001148                __tablejump2__
                0x00001154                . = ALIGN (0x2)
 *(.fini9)
 .fini9         0x00001154        0x0 c:/program files (x86)/atmel/studio/7.0/toolchain/avr8/avr8-gnu-toolchain/bin/../lib/gcc/avr/5.4.0/avr5\libgcc.a(_exit.o)
                0x00001154                _exit
                0x00001154                exit
 *(.fini9)
 *(.fini8)
 *(.fini8)
 *(.fini7)
 *(.fini7)
 *(.fini6)
 *(.fini6)
 *(.fini5)
 *(.fini5)
 *(.fini4)
 *(.fini4)
 *(.fini3)
 *(.fini3)
 *(.fini2)
 *(.fini2)
 *(.fini1)
 *(.fini1)
 *(.fini0)
 .fini0         0x00001154        0x4 c:/program files (x86)/atmel/studio/7.0/toolchain/avr8/avr8-gnu-toolchain/bin/../lib/gcc/avr/5.4.0/avr5\libgcc.a(_exit.o)
 *(.fini0)
                0x00001158                _etext = .

.data           0x00800100      0x126 load address 0x00001158
                0x00800100                PROVIDE (__data_start, .)
 *(.data)
 *(.data*)
 *(.gnu.linkonce.d*)
 *(.rodata)
 *(.rodata*)
 .rodata.equal  0x00800100        0x6 ssd_i2c.o
                0x00800100                equal
 .rodata.celeste
                0x00800106       0x2a ssd_i2c.o
                0x00800106                celeste
 .rodata.purple
                0x00800130       0x24 ssd_i2c.o
                0x00800130                purple
 .rodata.yellow
                0x00800154       0x24 ssd_i2c.o
                0x00800154                yellow
 .rodata.green  0x00800178       0x1e ssd_i2c.o
                0x00800178                green
 .rodata.red    0x00800196       0x12 ssd_i2c.o
                0x00800196                red
 .rodata.blue   0x008001a8       0x18 ssd_i2c.o
                0x008001a8                blue
 .rodata.dot    0x008001c0        0x6 ssd_i2c.o
                0x008001c0                dot
 .rodata.n9     0x008001c6        0x6 ssd_i2c.o
                0x008001c6                n9
 .rodata.n8     0x008001cc        0x6 ssd_i2c.o
                0x008001cc                n8
 .rodata.n7     0x008001d2        0x6 ssd_i2c.o
                0x008001d2                n7
 .rodata.n6     0x008001d8        0x6 ssd_i2c.o
                0x008001d8                n6
 .rodata.n5     0x008001de        0x6 ssd_i2c.o
                0x008001de                n5
 .rodata.n4     0x008001e4        0x6 ssd_i2c.o
                0x008001e4                n4
 .rodata.n3     0x008001ea        0x6 ssd_i2c.o
                0x008001ea                n3
 .rodata.n2     0x008001f0        0x6 ssd_i2c.o
                0x008001f0                n2
 .rodata.n1     0x008001f6        0x6 ssd_i2c.o
                0x008001f6                n1
 .rodata.n0     0x008001fc        0x6 ssd_i2c.o
                0x008001fc                n0
 .rodata.str1.1
                0x00800202       0x24 usart.o
 *(.gnu.linkonce.r*)
                0x00800226                . = ALIGN (0x2)
                0x00800226                _edata = .
                0x00800226                PROVIDE (__data_end, .)

.bss            0x00800226       0x1d
                0x00800226                PROVIDE (__bss_start, .)
 *(.bss)
 *(.bss*)
 .bss.state     0x00800226        0x2 usart.o
                0x00800226                state
 .bss.reception_state0
                0x00800228        0x2 usart.o
                0x00800228                reception_state0
 .bss.reception_state5
                0x0080022a        0x2 usart.o
                0x0080022a                reception_state5
 .bss.reception_state4
                0x0080022c        0x2 usart.o
                0x0080022c                reception_state4
 .bss.reception_state3
                0x0080022e        0x2 usart.o
                0x0080022e                reception_state3
 .bss.reception_state2
                0x00800230        0x2 usart.o
                0x00800230                reception_state2
 .bss.reception_state1
                0x00800232        0x2 usart.o
                0x00800232                reception_state1
 .bss.reception_state
                0x00800234        0x2 usart.o
                0x00800234                reception_state
 *(COMMON)
 COMMON         0x00800236        0x1 timers.o
                0x00800236                tot_overflow
 COMMON         0x00800237        0xc usart.o
                0x00800237                ci
                0x00800239                b
                0x0080023a                usart_received_char
                0x0080023b                bi
                0x0080023d                ai
                0x0080023f                di
                0x00800241                c
                0x00800242                a
                0x00800243                PROVIDE (__bss_end, .)
                0x00001158                __data_load_start = LOADADDR (.data)
                0x0000127e                __data_load_end = (__data_load_start + SIZEOF (.data))

.noinit         0x00800243        0x0
                [!provide]                PROVIDE (__noinit_start, .)
 *(.noinit*)
                [!provide]                PROVIDE (__noinit_end, .)
                0x00800243                _end = .
                [!provide]                PROVIDE (__heap_start, .)

.eeprom         0x00810000        0x0
 *(.eeprom*)
                0x00810000                __eeprom_end = .

.fuse
 *(.fuse)
 *(.lfuse)
 *(.hfuse)
 *(.efuse)

.lock
 *(.lock*)

.signature
 *(.signature*)

.user_signatures
 *(.user_signatures*)

.stab
 *(.stab)

.stabstr
 *(.stabstr)

.stab.excl
 *(.stab.excl)

.stab.exclstr
 *(.stab.exclstr)

.stab.index
 *(.stab.index)

.stab.indexstr
 *(.stab.indexstr)

.comment        0x00000000       0x30
 *(.comment)
 .comment       0x00000000       0x30 i2c.o
                                 0x31 (size before relaxing)
 .comment       0x00000030       0x31 lcd_i2c.o
 .comment       0x00000030       0x31 LEDPWM.o
 .comment       0x00000030       0x31 main.o
 .comment       0x00000030       0x31 ports.o
 .comment       0x00000030       0x31 ssd_i2c.o
 .comment       0x00000030       0x31 timers.o
 .comment       0x00000030       0x31 usart.o

.note.gnu.avr.deviceinfo
                0x00000000       0x40
 .note.gnu.avr.deviceinfo
                0x00000000       0x40 C:/Program Files (x86)/Atmel/Studio/7.0/Packs/atmel/ATmega_DFP/1.6.364/gcc/dev/atmega328p/avr5/crtatmega328p.o

.note.gnu.build-id
 *(.note.gnu.build-id)

.debug
 *(.debug)

.line
 *(.line)

.debug_srcinfo
 *(.debug_srcinfo)

.debug_sfnames
 *(.debug_sfnames)

.debug_aranges  0x00000000      0x228
 *(.debug_aranges)
 .debug_aranges
                0x00000000       0x40 i2c.o
 .debug_aranges
                0x00000040       0x58 lcd_i2c.o
 .debug_aranges
                0x00000098       0x20 LEDPWM.o
 .debug_aranges
                0x000000b8       0x20 main.o
 .debug_aranges
                0x000000d8       0x20 ports.o
 .debug_aranges
                0x000000f8       0x80 ssd_i2c.o
 .debug_aranges
                0x00000178       0x70 timers.o
 .debug_aranges
                0x000001e8       0x40 usart.o

.debug_pubnames
 *(.debug_pubnames)

.debug_info     0x00000000     0x3359
 *(.debug_info .gnu.linkonce.wi.*)
 .debug_info    0x00000000      0x5f4 C:/Program Files (x86)/Atmel/Studio/7.0/Packs/atmel/ATmega_DFP/1.6.364/gcc/dev/atmega328p/avr5/crtatmega328p.o
 .debug_info    0x000005f4      0x177 i2c.o
 .debug_info    0x0000076b      0x778 lcd_i2c.o
 .debug_info    0x00000ee3       0xa2 LEDPWM.o
 .debug_info    0x00000f85      0x116 main.o
 .debug_info    0x0000109b       0x83 ports.o
 .debug_info    0x0000111e     0x1529 ssd_i2c.o
 .debug_info    0x00002647      0x1ba timers.o
 .debug_info    0x00002801      0xb58 usart.o

.debug_abbrev   0x00000000      0xe6e
 *(.debug_abbrev)
 .debug_abbrev  0x00000000      0x5a2 C:/Program Files (x86)/Atmel/Studio/7.0/Packs/atmel/ATmega_DFP/1.6.364/gcc/dev/atmega328p/avr5/crtatmega328p.o
 .debug_abbrev  0x000005a2       0xf8 i2c.o
 .debug_abbrev  0x0000069a      0x18d lcd_i2c.o
 .debug_abbrev  0x00000827       0x60 LEDPWM.o
 .debug_abbrev  0x00000887       0x81 main.o
 .debug_abbrev  0x00000908       0x51 ports.o
 .debug_abbrev  0x00000959      0x254 ssd_i2c.o
 .debug_abbrev  0x00000bad      0x100 timers.o
 .debug_abbrev  0x00000cad      0x1c1 usart.o

.debug_line     0x00000000     0x1d6f
 *(.debug_line .debug_line.* .debug_line_end)
 .debug_line    0x00000000      0x134 C:/Program Files (x86)/Atmel/Studio/7.0/Packs/atmel/ATmega_DFP/1.6.364/gcc/dev/atmega328p/avr5/crtatmega328p.o
 .debug_line    0x00000134      0x1af i2c.o
 .debug_line    0x000002e3      0x380 lcd_i2c.o
 .debug_line    0x00000663      0x101 LEDPWM.o
 .debug_line    0x00000764       0x8f main.o
 .debug_line    0x000007f3       0xb4 ports.o
 .debug_line    0x000008a7      0xc5b ssd_i2c.o
 .debug_line    0x00001502      0x2a8 timers.o
 .debug_line    0x000017aa      0x5c5 usart.o

.debug_frame    0x00000000      0x508
 *(.debug_frame)
 .debug_frame   0x00000000       0x64 i2c.o
 .debug_frame   0x00000064       0xe4 lcd_i2c.o
 .debug_frame   0x00000148       0x24 LEDPWM.o
 .debug_frame   0x0000016c       0x24 main.o
 .debug_frame   0x00000190       0x24 ports.o
 .debug_frame   0x000001b4      0x1a0 ssd_i2c.o
 .debug_frame   0x00000354       0xec timers.o
 .debug_frame   0x00000440       0xc8 usart.o

.debug_str      0x00000000      0x83b
 *(.debug_str)
 .debug_str     0x00000000      0x208 C:/Program Files (x86)/Atmel/Studio/7.0/Packs/atmel/ATmega_DFP/1.6.364/gcc/dev/atmega328p/avr5/crtatmega328p.o
 .debug_str     0x00000208      0x195 i2c.o
                                0x1ce (size before relaxing)
 .debug_str     0x0000039d       0xec lcd_i2c.o
                                0x279 (size before relaxing)
 .debug_str     0x00000489       0x6b LEDPWM.o
                                0x185 (size before relaxing)
 .debug_str     0x000004f4       0x4b main.o
                                0x1a6 (size before relaxing)
 .debug_str     0x0000053f        0xd ports.o
                                0x172 (size before relaxing)
 .debug_str     0x0000054c       0xdd ssd_i2c.o
                                0x2ea (size before relaxing)
 .debug_str     0x00000629      0x133 timers.o
                                0x28d (size before relaxing)
 .debug_str     0x0000075c       0xdf usart.o
                                0x2d8 (size before relaxing)

.debug_loc      0x00000000     0x1c37
 *(.debug_loc)
 .debug_loc     0x00000000       0x73 i2c.o
 .debug_loc     0x00000073      0x703 lcd_i2c.o
 .debug_loc     0x00000776       0x60 LEDPWM.o
 .debug_loc     0x000007d6      0xfe5 ssd_i2c.o
 .debug_loc     0x000017bb       0xf6 timers.o
 .debug_loc     0x000018b1      0x386 usart.o

.debug_macinfo
 *(.debug_macinfo)

.debug_weaknames
 *(.debug_weaknames)

.debug_funcnames
 *(.debug_funcnames)

.debug_typenames
 *(.debug_typenames)

.debug_varnames
 *(.debug_varnames)

.debug_pubtypes
 *(.debug_pubtypes)

.debug_ranges   0x00000000      0x3d0
 *(.debug_ranges)
 .debug_ranges  0x00000000       0x30 i2c.o
 .debug_ranges  0x00000030       0x48 lcd_i2c.o
 .debug_ranges  0x00000078       0x10 LEDPWM.o
 .debug_ranges  0x00000088       0x10 main.o
 .debug_ranges  0x00000098       0x10 ports.o
 .debug_ranges  0x000000a8      0x280 ssd_i2c.o
 .debug_ranges  0x00000328       0x60 timers.o
 .debug_ranges  0x00000388       0x48 usart.o

.debug_macro
 *(.debug_macro)
OUTPUT(sdk_at328p.elf elf32-avr)
LOAD linker stubs
